============================= test session starts ==============================
platform linux -- Python 3.12.9, pytest-8.3.5, pluggy-1.5.0 -- /home/jimmy/miniconda3/bin/python
cachedir: .pytest_cache
rootdir: /home/jimmy/DLclass/final/imdb_bert_project
configfile: pyproject.toml
plugins: anyio-4.8.0
collecting ... collected 1 item

tests/test_training.py::test_smoke_run PASSED                            [100%]

=============================== warnings summary ===============================
tests/test_training.py::test_smoke_run
tests/test_training.py::test_smoke_run
tests/test_training.py::test_smoke_run
  /home/jimmy/miniconda3/lib/python3.12/site-packages/datasets/utils/_dill.py:385: DeprecationWarning: co_lnotab is deprecated, use co_lines instead.
    obj.co_lnotab,  # for < python 3.10 [not counted in args]

-- Docs: https://docs.pytest.org/en/stable/how-to/capture-warnings.html
======================== 1 passed, 3 warnings in 38.43s ========================
